../source/lwip_mqtt_freertos.c:167:13:mqtt_topic_subscribed_cb	24	static
../source/lwip_mqtt_freertos.c:184:13:mqtt_incoming_publish_cb	24	static
../source/lwip_mqtt_freertos.c:219:13:mqtt_incoming_data_cb	32	static
../source/lwip_mqtt_freertos.c:318:13:mqtt_subscribe_topics	40	static
../source/lwip_mqtt_freertos.c:346:13:mqtt_connection_cb	32	static
../source/lwip_mqtt_freertos.c:392:13:connect_to_mqtt	24	static
../source/lwip_mqtt_freertos.c:405:13:mqtt_message_published_cb	24	static
../source/lwip_mqtt_freertos.c:422:13:publish_message	48	static
../source/lwip_mqtt_freertos.c:436:13:publish_message_connected_off	48	static
../source/lwip_mqtt_freertos.c:452:13:publish_message_riego_frijol	48	static
../source/lwip_mqtt_freertos.c:466:6:publish_message_riego_frijol_off	40	static
../source/lwip_mqtt_freertos.c:480:13:publish_message_riego_zanahoria	48	static
../source/lwip_mqtt_freertos.c:494:6:publish_message_riego_zanahoria_off	40	static
../source/lwip_mqtt_freertos.c:508:13:publish_message_riego_calabaza	48	static
../source/lwip_mqtt_freertos.c:522:6:publish_message_riego_calabaza_off	40	static
../source/lwip_mqtt_freertos.c:536:13:publish_message_riego_maiz	48	static
../source/lwip_mqtt_freertos.c:550:6:publish_message_riego_maiz_off	40	static
../source/lwip_mqtt_freertos.c:566:13:app_thread	32	static
../source/lwip_mqtt_freertos.c:701:13:generate_client_id	48	static
../source/lwip_mqtt_freertos.c:724:13:stack_init	56	static
../source/lwip_mqtt_freertos.c:777:5:main	24	static
